{foaf("<http://www4.wiwiss.fu-berlin.de/dblp/resource/person/111191>"), foaf("<http://www4.wiwiss.fu-berlin.de/dblp/resource/person/110339>"), foaf("<http://www4.wiwiss.fu-berlin.de/dblp/resource/person/113334>"), foaf("<http://www4.wiwiss.fu-berlin.de/dblp/resource/person/119253>"), foaf("<http://www4.wiwiss.fu-berlin.de/dblp/resource/person/168430>"), foaf("<http://www4.wiwiss.fu-berlin.de/dblp/resource/person/209098>"), foaf("<http://www4.wiwiss.fu-berlin.de/dblp/resource/person/214138>"), foaf("<http://www4.wiwiss.fu-berlin.de/dblp/resource/person/176057>"), foaf("<http://www4.wiwiss.fu-berlin.de/dblp/resource/person/205444>")}
