{objects("<file:sr.ttl>"), objects("'def'"), objects("'2'"), objects("'1'")}
